
> shipany-template-two@1.2.0 build D:\AIsoftware\soloboard
> next build && node scripts/generate-middleware-nft.js

node.exe :  鈿?Invalid next.config.mjs options detected: 
所在位置 C:\Users\honor\AppData\Roaming\npm\pnpm.ps1:24 字符: 5
+     & "node$exe"  "$basedir/node_modules/pnpm/bin/pnpm.cjs" $args
+     ~~~~~~~~~~~~~~~~~~~~~~~~~~~~~~~~~~~~~~~~~~~~~~~~~~~~~~~~~~~~~
    + CategoryInfo          : NotSpecified: ( 鈿?Invalid next...ions detected: :String) [], RemoteException
    + FullyQualifiedErrorId : NativeCommandError
 
 鈿?    Unrecognized key(s) in object: 'turbopackFileSystemCacheForDev' at "experimental"
 鈿?    Unrecognized key(s) in object: 'reactCompiler'
 鈿?See more info here: https://nextjs.org/docs/messages/invalid-next-config
   鈻?Next.js 15.5.12
   - Environments: .env.local
   - Experiments (use with caution):
     鉁?mdxRs
     鉁?turbopackFileSystemCacheForDev

[MDX] updated map file in 59.09270000000015ms
   Creating an optimized production build ...
 猕?[locale]/(dashboard)/soloboard/modern/page.tsx doesn't have a root layout. To fix this error, make sure every page h
as a root layout.
鈥塃LIFECYCLE鈥?Command failed with exit code 1.
